com\jinwanli\EmployeeDialog.class
com\jinwanli\SalesPanel.class
com\jinwanli\SalesDialog.class
com\jinwanli\util\AttendanceImporter$1.class
com\jinwanli\MainApp.class
com\jinwanli\AttendancePanel.class
com\jinwanli\ExpensePanel$2.class
com\jinwanli\MainFrame$1.class
com\jinwanli\UIUtils.class
com\jinwanli\SummaryPanel$BarRegion.class
com\jinwanli\SummaryPanel.class
com\jinwanli\SummaryPanel$3.class
com\jinwanli\AttendancePanel$2.class
com\jinwanli\MainFrame.class
com\jinwanli\PrintUtils.class
com\jinwanli\model\ExpenseRecord.class
com\jinwanli\DataManager.class
com\jinwanli\SummaryPanel$5.class
com\jinwanli\model\Employee.class
com\jinwanli\SalesPanel$1.class
com\jinwanli\util\AttendanceImporter.class
com\jinwanli\PdfUtils.class
com\jinwanli\SummaryPanel$2.class
com\jinwanli\SummaryPanel$4.class
com\jinwanli\SummaryPanel$7.class
com\jinwanli\model\AttendanceRecord.class
com\jinwanli\ExpensePanel$1.class
com\jinwanli\AttendanceDialog.class
com\jinwanli\AttendancePanel$1.class
com\jinwanli\ConfigManager.class
com\jinwanli\BackupManager.class
com\jinwanli\SummaryPanel$6.class
com\jinwanli\LoginFrame.class
com\jinwanli\util\AttendanceImporter$ImportResult.class
com\jinwanli\ExpenseDialog.class
com\jinwanli\model\SalesRecord.class
com\jinwanli\util\AttendanceImporter$MonthlyAttendance.class
com\jinwanli\SummaryPanel$1.class
com\jinwanli\ExpensePanel.class
com\jinwanli\AttendancePanel$3.class
com\jinwanli\UIUtils$1.class
