C:\Users\Administrator\Desktop\JWL\LAJWL\src\main\java\com\jinwanli\EmployeeDialog.java
C:\Users\Administrator\Desktop\JWL\LAJWL\src\main\java\com\jinwanli\LoginFrame.java
C:\Users\Administrator\Desktop\JWL\LAJWL\src\main\java\com\jinwanli\UIUtils.java
C:\Users\Administrator\Desktop\JWL\LAJWL\src\main\java\com\jinwanli\MainApp.java
C:\Users\Administrator\Desktop\JWL\LAJWL\src\main\java\com\jinwanli\util\AttendanceImporter.java
C:\Users\Administrator\Desktop\JWL\LAJWL\src\main\java\com\jinwanli\BackupManager.java
C:\Users\Administrator\Desktop\JWL\LAJWL\src\main\java\com\jinwanli\model\SalesRecord.java
C:\Users\Administrator\Desktop\JWL\LAJWL\src\main\java\com\jinwanli\SalesDialog.java
C:\Users\Administrator\Desktop\JWL\LAJWL\src\main\java\com\jinwanli\model\AttendanceRecord.java
C:\Users\Administrator\Desktop\JWL\LAJWL\src\main\java\com\jinwanli\DataManager.java
C:\Users\Administrator\Desktop\JWL\LAJWL\src\main\java\com\jinwanli\MainFrame.java
C:\Users\Administrator\Desktop\JWL\LAJWL\src\main\java\com\jinwanli\SummaryPanel.java
C:\Users\Administrator\Desktop\JWL\LAJWL\src\main\java\com\jinwanli\ConfigManager.java
C:\Users\Administrator\Desktop\JWL\LAJWL\src\main\java\com\jinwanli\SalesPanel.java
C:\Users\Administrator\Desktop\JWL\LAJWL\src\main\java\com\jinwanli\model\Employee.java
C:\Users\Administrator\Desktop\JWL\LAJWL\src\main\java\com\jinwanli\PdfUtils.java
C:\Users\Administrator\Desktop\JWL\LAJWL\src\main\java\com\jinwanli\ExpensePanel.java
C:\Users\Administrator\Desktop\JWL\LAJWL\src\main\java\com\jinwanli\ExpenseDialog.java
C:\Users\Administrator\Desktop\JWL\LAJWL\src\main\java\com\jinwanli\AttendancePanel.java
C:\Users\Administrator\Desktop\JWL\LAJWL\src\main\java\com\jinwanli\AttendanceDialog.java
C:\Users\Administrator\Desktop\JWL\LAJWL\src\main\java\com\jinwanli\model\ExpenseRecord.java
C:\Users\Administrator\Desktop\JWL\LAJWL\src\main\java\com\jinwanli\PrintUtils.java
